2026-04-15T20:32:54.729+08:00  INFO 22484 --- [restartedMain] com.Peter.CommentApplication             : Starting CommentApplication using Java 25.0.2 with PID 22484 (D:\javawork\activity-system-main\ProjektStarter\Exam\dtc-comment\dtc-comment-main\target\classes started by yck20 in D:\javawork\activity-system-main\ProjektStarter\Exam\dtc-comment)
2026-04-15T20:32:54.731+08:00  INFO 22484 --- [restartedMain] com.Peter.CommentApplication             : No active profile set, falling back to 1 default profile: "default"
2026-04-15T20:32:54.773+08:00  INFO 22484 --- [restartedMain] .e.DevToolsPropertyDefaultsPostProcessor : Devtools property defaults active! Set 'spring.devtools.add-properties' to 'false' to disable
2026-04-15T20:32:54.773+08:00  INFO 22484 --- [restartedMain] .e.DevToolsPropertyDefaultsPostProcessor : For additional web related logging consider setting the 'logging.level.web' property to 'DEBUG'
2026-04-15T20:32:55.777+08:00  INFO 22484 --- [restartedMain] o.s.boot.tomcat.TomcatWebServer          : Tomcat initialized with port 8488 (http)
2026-04-15T20:32:55.792+08:00  INFO 22484 --- [restartedMain] o.apache.catalina.core.StandardService   : Starting service [Tomcat]
2026-04-15T20:32:55.793+08:00  INFO 22484 --- [restartedMain] o.apache.catalina.core.StandardEngine    : Starting Servlet engine: [Apache Tomcat/11.0.18]
2026-04-15T20:32:55.854+08:00  INFO 22484 --- [restartedMain] b.w.c.s.WebApplicationContextInitializer : Root WebApplicationContext: initialization completed in 1080 ms
2026-04-15T20:32:56.485+08:00  INFO 22484 --- [restartedMain] o.s.boot.tomcat.TomcatWebServer          : Tomcat started on port 8488 (http) with context path '/'
2026-04-15T20:32:56.490+08:00  INFO 22484 --- [restartedMain] com.Peter.CommentApplication             : Started CommentApplication in 2.099 seconds (process running for 2.599)
2026-04-15T20:37:06.307+08:00  INFO 22484 --- [File Watcher] rtingClassPathChangeChangedEventListener : Restarting due to 1 class path change (0 additions, 1 deletion, 0 modifications)
2026-04-15T20:37:06.314+08:00  INFO 22484 --- [Thread-1] o.s.boot.tomcat.GracefulShutdown         : Commencing graceful shutdown. Waiting for active requests to complete
2026-04-15T20:37:06.325+08:00  INFO 22484 --- [tomcat-shutdown] o.s.boot.tomcat.GracefulShutdown         : Graceful shutdown complete
2026-04-15T20:37:06.474+08:00  INFO 22484 --- [restartedMain] com.Peter.CommentApplication             : Starting CommentApplication using Java 25.0.2 with PID 22484 (D:\javawork\activity-system-main\ProjektStarter\Exam\dtc-comment\dtc-comment-main\target\classes started by yck20 in D:\javawork\activity-system-main\ProjektStarter\Exam\dtc-comment)
2026-04-15T20:37:06.475+08:00  INFO 22484 --- [restartedMain] com.Peter.CommentApplication             : No active profile set, falling back to 1 default profile: "default"
2026-04-15T20:37:06.764+08:00  INFO 22484 --- [restartedMain] o.s.boot.tomcat.TomcatWebServer          : Tomcat initialized with port 8488 (http)
2026-04-15T20:37:06.765+08:00  INFO 22484 --- [restartedMain] o.apache.catalina.core.StandardService   : Starting service [Tomcat]
2026-04-15T20:37:06.766+08:00  INFO 22484 --- [restartedMain] o.apache.catalina.core.StandardEngine    : Starting Servlet engine: [Apache Tomcat/11.0.18]
2026-04-15T20:37:06.805+08:00  INFO 22484 --- [restartedMain] b.w.c.s.WebApplicationContextInitializer : Root WebApplicationContext: initialization completed in 324 ms
2026-04-15T20:37:06.907+08:00  INFO 22484 --- [restartedMain] o.s.boot.tomcat.TomcatWebServer          : Tomcat started on port 8488 (http) with context path '/'
2026-04-15T20:37:06.910+08:00  INFO 22484 --- [restartedMain] com.Peter.CommentApplication             : Started CommentApplication in 0.485 seconds (process running for 253.02)
2026-04-15T20:37:06.912+08:00  INFO 22484 --- [restartedMain] .ConditionEvaluationDeltaLoggingListener : Condition evaluation unchanged
2026-04-15T20:37:08.333+08:00  INFO 22484 --- [File Watcher] rtingClassPathChangeChangedEventListener : Restarting due to 2 class path changes (2 additions, 0 deletions, 0 modifications)
2026-04-15T20:37:08.336+08:00  INFO 22484 --- [Thread-5] o.s.boot.tomcat.GracefulShutdown         : Commencing graceful shutdown. Waiting for active requests to complete
2026-04-15T20:37:08.351+08:00  INFO 22484 --- [tomcat-shutdown] o.s.boot.tomcat.GracefulShutdown         : Graceful shutdown complete
2026-04-15T20:37:08.517+08:00  INFO 22484 --- [restartedMain] com.Peter.CommentApplication             : Starting CommentApplication using Java 25.0.2 with PID 22484 (D:\javawork\activity-system-main\ProjektStarter\Exam\dtc-comment\dtc-comment-main\target\classes started by yck20 in D:\javawork\activity-system-main\ProjektStarter\Exam\dtc-comment)
2026-04-15T20:37:08.517+08:00  INFO 22484 --- [restartedMain] com.Peter.CommentApplication             : No active profile set, falling back to 1 default profile: "default"
2026-04-15T20:37:08.761+08:00  INFO 22484 --- [restartedMain] o.s.boot.tomcat.TomcatWebServer          : Tomcat initialized with port 8488 (http)
2026-04-15T20:37:08.763+08:00  INFO 22484 --- [restartedMain] o.apache.catalina.core.StandardService   : Starting service [Tomcat]
2026-04-15T20:37:08.763+08:00  INFO 22484 --- [restartedMain] o.apache.catalina.core.StandardEngine    : Starting Servlet engine: [Apache Tomcat/11.0.18]
2026-04-15T20:37:08.803+08:00  INFO 22484 --- [restartedMain] b.w.c.s.WebApplicationContextInitializer : Root WebApplicationContext: initialization completed in 283 ms
2026-04-15T20:37:08.952+08:00  INFO 22484 --- [restartedMain] o.s.boot.tomcat.TomcatWebServer          : Tomcat started on port 8488 (http) with context path '/'
2026-04-15T20:37:08.957+08:00  INFO 22484 --- [restartedMain] com.Peter.CommentApplication             : Started CommentApplication in 0.475 seconds (process running for 255.066)
2026-04-15T20:37:08.959+08:00  INFO 22484 --- [restartedMain] .ConditionEvaluationDeltaLoggingListener : Condition evaluation unchanged
2026-04-15T21:25:42.990+08:00  INFO 22484 --- [File Watcher] rtingClassPathChangeChangedEventListener : Restarting due to 1 class path change (0 additions, 1 deletion, 0 modifications)
2026-04-15T21:25:42.993+08:00  INFO 22484 --- [Thread-9] o.s.boot.tomcat.GracefulShutdown         : Commencing graceful shutdown. Waiting for active requests to complete
2026-04-15T21:25:42.999+08:00  INFO 22484 --- [tomcat-shutdown] o.s.boot.tomcat.GracefulShutdown         : Graceful shutdown complete
2026-04-15T21:25:43.065+08:00  INFO 22484 --- [restartedMain] com.Peter.CommentApplication             : Starting CommentApplication using Java 25.0.2 with PID 22484 (D:\javawork\activity-system-main\ProjektStarter\Exam\dtc-comment\dtc-comment-main\target\classes started by yck20 in D:\javawork\activity-system-main\ProjektStarter\Exam\dtc-comment)
2026-04-15T21:25:43.065+08:00  INFO 22484 --- [restartedMain] com.Peter.CommentApplication             : No active profile set, falling back to 1 default profile: "default"
2026-04-15T21:25:43.208+08:00  INFO 22484 --- [restartedMain] o.s.boot.tomcat.TomcatWebServer          : Tomcat initialized with port 8488 (http)
2026-04-15T21:25:43.209+08:00  INFO 22484 --- [restartedMain] o.apache.catalina.core.StandardService   : Starting service [Tomcat]
2026-04-15T21:25:43.209+08:00  INFO 22484 --- [restartedMain] o.apache.catalina.core.StandardEngine    : Starting Servlet engine: [Apache Tomcat/11.0.18]
2026-04-15T21:25:43.236+08:00  INFO 22484 --- [restartedMain] b.w.c.s.WebApplicationContextInitializer : Root WebApplicationContext: initialization completed in 169 ms
2026-04-15T21:25:43.338+08:00  INFO 22484 --- [restartedMain] o.s.boot.tomcat.TomcatWebServer          : Tomcat started on port 8488 (http) with context path '/'
2026-04-15T21:25:43.340+08:00  INFO 22484 --- [restartedMain] com.Peter.CommentApplication             : Started CommentApplication in 0.296 seconds (process running for 3169.449)
2026-04-15T21:25:43.341+08:00  INFO 22484 --- [restartedMain] .ConditionEvaluationDeltaLoggingListener : Condition evaluation unchanged
2026-04-15T21:25:44.739+08:00  INFO 22484 --- [File Watcher] rtingClassPathChangeChangedEventListener : Restarting due to 5 class path changes (5 additions, 0 deletions, 0 modifications)
2026-04-15T21:25:44.742+08:00  INFO 22484 --- [Thread-13] o.s.boot.tomcat.GracefulShutdown         : Commencing graceful shutdown. Waiting for active requests to complete
2026-04-15T21:25:44.749+08:00  INFO 22484 --- [tomcat-shutdown] o.s.boot.tomcat.GracefulShutdown         : Graceful shutdown complete
2026-04-15T21:25:44.817+08:00  INFO 22484 --- [restartedMain] com.Peter.CommentApplication             : Starting CommentApplication using Java 25.0.2 with PID 22484 (D:\javawork\activity-system-main\ProjektStarter\Exam\dtc-comment\dtc-comment-main\target\classes started by yck20 in D:\javawork\activity-system-main\ProjektStarter\Exam\dtc-comment)
2026-04-15T21:25:44.817+08:00  INFO 22484 --- [restartedMain] com.Peter.CommentApplication             : No active profile set, falling back to 1 default profile: "default"
2026-04-15T21:25:44.943+08:00  INFO 22484 --- [restartedMain] o.s.boot.tomcat.TomcatWebServer          : Tomcat initialized with port 8488 (http)
2026-04-15T21:25:44.944+08:00  INFO 22484 --- [restartedMain] o.apache.catalina.core.StandardService   : Starting service [Tomcat]
2026-04-15T21:25:44.944+08:00  INFO 22484 --- [restartedMain] o.apache.catalina.core.StandardEngine    : Starting Servlet engine: [Apache Tomcat/11.0.18]
2026-04-15T21:25:44.981+08:00  INFO 22484 --- [restartedMain] b.w.c.s.WebApplicationContextInitializer : Root WebApplicationContext: initialization completed in 162 ms
2026-04-15T21:25:45.098+08:00  INFO 22484 --- [restartedMain] o.s.boot.tomcat.TomcatWebServer          : Tomcat started on port 8488 (http) with context path '/'
2026-04-15T21:25:45.100+08:00  INFO 22484 --- [restartedMain] com.Peter.CommentApplication             : Started CommentApplication in 0.302 seconds (process running for 3171.209)
2026-04-15T21:25:45.101+08:00  INFO 22484 --- [restartedMain] .ConditionEvaluationDeltaLoggingListener : Condition evaluation unchanged
2026-04-15T21:44:42.287+08:00  INFO 22484 --- [File Watcher] rtingClassPathChangeChangedEventListener : Restarting due to 1 class path change (0 additions, 1 deletion, 0 modifications)
2026-04-15T21:44:42.289+08:00  INFO 22484 --- [Thread-17] o.s.boot.tomcat.GracefulShutdown         : Commencing graceful shutdown. Waiting for active requests to complete
2026-04-15T21:44:42.294+08:00  INFO 22484 --- [tomcat-shutdown] o.s.boot.tomcat.GracefulShutdown         : Graceful shutdown complete
2026-04-15T21:44:42.377+08:00  INFO 22484 --- [restartedMain] com.Peter.CommentApplication             : Starting CommentApplication using Java 25.0.2 with PID 22484 (D:\javawork\activity-system-main\ProjektStarter\Exam\dtc-comment\dtc-comment-main\target\classes started by yck20 in D:\javawork\activity-system-main\ProjektStarter\Exam\dtc-comment)
2026-04-15T21:44:42.377+08:00  INFO 22484 --- [restartedMain] com.Peter.CommentApplication             : No active profile set, falling back to 1 default profile: "default"
2026-04-15T21:44:42.593+08:00  INFO 22484 --- [restartedMain] o.s.boot.tomcat.TomcatWebServer          : Tomcat initialized with port 8488 (http)
2026-04-15T21:44:42.599+08:00  INFO 22484 --- [restartedMain] o.apache.catalina.core.StandardService   : Starting service [Tomcat]
2026-04-15T21:44:42.600+08:00  INFO 22484 --- [restartedMain] o.apache.catalina.core.StandardEngine    : Starting Servlet engine: [Apache Tomcat/11.0.18]
2026-04-15T21:44:42.625+08:00  INFO 22484 --- [restartedMain] b.w.c.s.WebApplicationContextInitializer : Root WebApplicationContext: initialization completed in 245 ms
2026-04-15T21:44:42.752+08:00  INFO 22484 --- [restartedMain] o.s.boot.tomcat.TomcatWebServer          : Tomcat started on port 8488 (http) with context path '/'
2026-04-15T21:44:42.757+08:00  INFO 22484 --- [restartedMain] com.Peter.CommentApplication             : Started CommentApplication in 0.402 seconds (process running for 4308.866)
2026-04-15T21:44:42.759+08:00  INFO 22484 --- [restartedMain] .ConditionEvaluationDeltaLoggingListener : Condition evaluation unchanged
2026-04-15T23:07:31.559+08:00  INFO 22484 --- [SpringApplicationShutdownHook] o.s.boot.tomcat.GracefulShutdown         : Commencing graceful shutdown. Waiting for active requests to complete
2026-04-15T23:07:31.577+08:00  INFO 22484 --- [tomcat-shutdown] o.s.boot.tomcat.GracefulShutdown         : Graceful shutdown complete
